Filesystem volume name:   <none>
Last mounted on:          /sda
Filesystem UUID:          89aa6c42-3fc2-477e-913d-03a9f893325c
Filesystem magic number:  0xEF53
Filesystem revision #:    1 (dynamic)
Filesystem features:      ext_attr resize_inode dir_index filetype sparse_super large_file
Filesystem flags:         signed_directory_hash 
Default mount options:    user_xattr acl
Filesystem state:         not clean with errors
Errors behavior:          Continue
Filesystem OS type:       Linux
Inode count:              327680
Block count:              1310464
Reserved block count:     65523
Free blocks:              1287318
Free inodes:              327668
First block:              0
Block size:               4096
Fragment size:            4096
Reserved GDT blocks:      319
Blocks per group:         32768
Fragments per group:      32768
Inodes per group:         8192
Inode blocks per group:   512
Filesystem created:       Mon Dec 21 20:05:13 2020
Last mount time:          Wed Dec 23 19:45:53 2020
Last write time:          Wed Dec 23 19:45:59 2020
Mount count:              15
Maximum mount count:      -1
Last checked:             Mon Dec 21 20:05:13 2020
Check interval:           0 (<none>)
Lifetime writes:          436 kB
Reserved blocks uid:      0 (user root)
Reserved blocks gid:      0 (group root)
First inode:              11
Inode size:	          256
Required extra isize:     32
Desired extra isize:      32
Default directory hash:   half_md4
Directory Hash Seed:      894b8a63-0201-419e-bbe9-10af5f0feef6
FS Error count:           4
First error time:         Wed Dec 23 00:08:47 2020
First error function:     ext4_readdir
First error line #:       246
First error inode #:      11
First error block #:      0
Last error time:          Wed Dec 23 00:08:47 2020
Last error function:      ext4_readdir
Last error line #:        246
Last error inode #:       11
Last error block #:       0


Group 0: (Blocks 0-32767)
  Primary superblock at 0, Group descriptors at 1-1
  Reserved GDT blocks at 2-320
  Block bitmap at 321 (+321)
  Inode bitmap at 322 (+322)
  Inode table at 323-834 (+323)
  31915 free blocks, 8180 free inodes, 2 directories
  Free blocks: 841-2052, 2061-3071, 3076-32767
  Free inodes: 13-8192
Group 1: (Blocks 32768-65535)
  Backup superblock at 32768, Group descriptors at 32769-32769
  Reserved GDT blocks at 32770-33088
  Block bitmap at 33089 (+321)
  Inode bitmap at 33090 (+322)
  Inode table at 33091-33602 (+323)
  31933 free blocks, 8192 free inodes, 0 directories
  Free blocks: 33603-65535
  Free inodes: 8193-16384
Group 2: (Blocks 65536-98303)
  Block bitmap at 65536 (+0)
  Inode bitmap at 65537 (+1)
  Inode table at 65538-66049 (+2)
  32254 free blocks, 8192 free inodes, 0 directories
  Free blocks: 66050-98303
  Free inodes: 16385-24576
Group 3: (Blocks 98304-131071)
  Backup superblock at 98304, Group descriptors at 98305-98305
  Reserved GDT blocks at 98306-98624
  Block bitmap at 98625 (+321)
  Inode bitmap at 98626 (+322)
  Inode table at 98627-99138 (+323)
  31933 free blocks, 8192 free inodes, 0 directories
  Free blocks: 99139-131071
  Free inodes: 24577-32768
Group 4: (Blocks 131072-163839)
  Block bitmap at 131072 (+0)
  Inode bitmap at 131073 (+1)
  Inode table at 131074-131585 (+2)
  32254 free blocks, 8192 free inodes, 0 directories
  Free blocks: 131586-163839
  Free inodes: 32769-40960
Group 5: (Blocks 163840-196607)
  Backup superblock at 163840, Group descriptors at 163841-163841
  Reserved GDT blocks at 163842-164160
  Block bitmap at 164161 (+321)
  Inode bitmap at 164162 (+322)
  Inode table at 164163-164674 (+323)
  31933 free blocks, 8192 free inodes, 0 directories
  Free blocks: 164675-196607
  Free inodes: 40961-49152
Group 6: (Blocks 196608-229375)
  Block bitmap at 196608 (+0)
  Inode bitmap at 196609 (+1)
  Inode table at 196610-197121 (+2)
  32254 free blocks, 8192 free inodes, 0 directories
  Free blocks: 197122-229375
  Free inodes: 49153-57344
Group 7: (Blocks 229376-262143)
  Backup superblock at 229376, Group descriptors at 229377-229377
  Reserved GDT blocks at 229378-229696
  Block bitmap at 229697 (+321)
  Inode bitmap at 229698 (+322)
  Inode table at 229699-230210 (+323)
  31933 free blocks, 8192 free inodes, 0 directories
  Free blocks: 230211-262143
  Free inodes: 57345-65536
Group 8: (Blocks 262144-294911)
  Block bitmap at 262144 (+0)
  Inode bitmap at 262145 (+1)
  Inode table at 262146-262657 (+2)
  32254 free blocks, 8192 free inodes, 0 directories
  Free blocks: 262658-294911
  Free inodes: 65537-73728
Group 9: (Blocks 294912-327679)
  Backup superblock at 294912, Group descriptors at 294913-294913
  Reserved GDT blocks at 294914-295232
  Block bitmap at 295233 (+321)
  Inode bitmap at 295234 (+322)
  Inode table at 295235-295746 (+323)
  31933 free blocks, 8192 free inodes, 0 directories
  Free blocks: 295747-327679
  Free inodes: 73729-81920
Group 10: (Blocks 327680-360447)
  Block bitmap at 327680 (+0)
  Inode bitmap at 327681 (+1)
  Inode table at 327682-328193 (+2)
  32254 free blocks, 8192 free inodes, 0 directories
  Free blocks: 328194-360447
  Free inodes: 81921-90112
Group 11: (Blocks 360448-393215)
  Block bitmap at 360448 (+0)
  Inode bitmap at 360449 (+1)
  Inode table at 360450-360961 (+2)
  32254 free blocks, 8192 free inodes, 0 directories
  Free blocks: 360962-393215
  Free inodes: 90113-98304
Group 12: (Blocks 393216-425983)
  Block bitmap at 393216 (+0)
  Inode bitmap at 393217 (+1)
  Inode table at 393218-393729 (+2)
  32254 free blocks, 8192 free inodes, 0 directories
  Free blocks: 393730-425983
  Free inodes: 98305-106496
Group 13: (Blocks 425984-458751)
  Block bitmap at 425984 (+0)
  Inode bitmap at 425985 (+1)
  Inode table at 425986-426497 (+2)
  32254 free blocks, 8192 free inodes, 0 directories
  Free blocks: 426498-458751
  Free inodes: 106497-114688
Group 14: (Blocks 458752-491519)
  Block bitmap at 458752 (+0)
  Inode bitmap at 458753 (+1)
  Inode table at 458754-459265 (+2)
  32254 free blocks, 8192 free inodes, 0 directories
  Free blocks: 459266-491519
  Free inodes: 114689-122880
Group 15: (Blocks 491520-524287)
  Block bitmap at 491520 (+0)
  Inode bitmap at 491521 (+1)
  Inode table at 491522-492033 (+2)
  32254 free blocks, 8192 free inodes, 0 directories
  Free blocks: 492034-524287
  Free inodes: 122881-131072
Group 16: (Blocks 524288-557055)
  Block bitmap at 524288 (+0)
  Inode bitmap at 524289 (+1)
  Inode table at 524290-524801 (+2)
  32254 free blocks, 8192 free inodes, 0 directories
  Free blocks: 524802-557055
  Free inodes: 131073-139264
Group 17: (Blocks 557056-589823)
  Block bitmap at 557056 (+0)
  Inode bitmap at 557057 (+1)
  Inode table at 557058-557569 (+2)
  32254 free blocks, 8192 free inodes, 0 directories
  Free blocks: 557570-589823
  Free inodes: 139265-147456
Group 18: (Blocks 589824-622591)
  Block bitmap at 589824 (+0)
  Inode bitmap at 589825 (+1)
  Inode table at 589826-590337 (+2)
  32254 free blocks, 8192 free inodes, 0 directories
  Free blocks: 590338-622591
  Free inodes: 147457-155648
Group 19: (Blocks 622592-655359)
  Block bitmap at 622592 (+0)
  Inode bitmap at 622593 (+1)
  Inode table at 622594-623105 (+2)
  32254 free blocks, 8192 free inodes, 0 directories
  Free blocks: 623106-655359
  Free inodes: 155649-163840
Group 20: (Blocks 655360-688127)
  Block bitmap at 655360 (+0)
  Inode bitmap at 655361 (+1)
  Inode table at 655362-655873 (+2)
  32254 free blocks, 8192 free inodes, 0 directories
  Free blocks: 655874-688127
  Free inodes: 163841-172032
Group 21: (Blocks 688128-720895)
  Block bitmap at 688128 (+0)
  Inode bitmap at 688129 (+1)
  Inode table at 688130-688641 (+2)
  32254 free blocks, 8192 free inodes, 0 directories
  Free blocks: 688642-720895
  Free inodes: 172033-180224
Group 22: (Blocks 720896-753663)
  Block bitmap at 720896 (+0)
  Inode bitmap at 720897 (+1)
  Inode table at 720898-721409 (+2)
  32254 free blocks, 8192 free inodes, 0 directories
  Free blocks: 721410-753663
  Free inodes: 180225-188416
Group 23: (Blocks 753664-786431)
  Block bitmap at 753664 (+0)
  Inode bitmap at 753665 (+1)
  Inode table at 753666-754177 (+2)
  32254 free blocks, 8192 free inodes, 0 directories
  Free blocks: 754178-786431
  Free inodes: 188417-196608
Group 24: (Blocks 786432-819199)
  Block bitmap at 786432 (+0)
  Inode bitmap at 786433 (+1)
  Inode table at 786434-786945 (+2)
  32254 free blocks, 8192 free inodes, 0 directories
  Free blocks: 786946-819199
  Free inodes: 196609-204800
Group 25: (Blocks 819200-851967)
  Backup superblock at 819200, Group descriptors at 819201-819201
  Reserved GDT blocks at 819202-819520
  Block bitmap at 819521 (+321)
  Inode bitmap at 819522 (+322)
  Inode table at 819523-820034 (+323)
  31933 free blocks, 8192 free inodes, 0 directories
  Free blocks: 820035-851967
  Free inodes: 204801-212992
Group 26: (Blocks 851968-884735)
  Block bitmap at 851968 (+0)
  Inode bitmap at 851969 (+1)
  Inode table at 851970-852481 (+2)
  32254 free blocks, 8192 free inodes, 0 directories
  Free blocks: 852482-884735
  Free inodes: 212993-221184
Group 27: (Blocks 884736-917503)
  Backup superblock at 884736, Group descriptors at 884737-884737
  Reserved GDT blocks at 884738-885056
  Block bitmap at 885057 (+321)
  Inode bitmap at 885058 (+322)
  Inode table at 885059-885570 (+323)
  31933 free blocks, 8192 free inodes, 0 directories
  Free blocks: 885571-917503
  Free inodes: 221185-229376
Group 28: (Blocks 917504-950271)
  Block bitmap at 917504 (+0)
  Inode bitmap at 917505 (+1)
  Inode table at 917506-918017 (+2)
  32254 free blocks, 8192 free inodes, 0 directories
  Free blocks: 918018-950271
  Free inodes: 229377-237568
Group 29: (Blocks 950272-983039)
  Block bitmap at 950272 (+0)
  Inode bitmap at 950273 (+1)
  Inode table at 950274-950785 (+2)
  32254 free blocks, 8192 free inodes, 0 directories
  Free blocks: 950786-983039
  Free inodes: 237569-245760
Group 30: (Blocks 983040-1015807)
  Block bitmap at 983040 (+0)
  Inode bitmap at 983041 (+1)
  Inode table at 983042-983553 (+2)
  32254 free blocks, 8192 free inodes, 0 directories
  Free blocks: 983554-1015807
  Free inodes: 245761-253952
Group 31: (Blocks 1015808-1048575)
  Block bitmap at 1015808 (+0)
  Inode bitmap at 1015809 (+1)
  Inode table at 1015810-1016321 (+2)
  32254 free blocks, 8192 free inodes, 0 directories
  Free blocks: 1016322-1048575
  Free inodes: 253953-262144
Group 32: (Blocks 1048576-1081343)
  Block bitmap at 1048576 (+0)
  Inode bitmap at 1048577 (+1)
  Inode table at 1048578-1049089 (+2)
  32254 free blocks, 8192 free inodes, 0 directories
  Free blocks: 1049090-1081343
  Free inodes: 262145-270336
Group 33: (Blocks 1081344-1114111)
  Block bitmap at 1081344 (+0)
  Inode bitmap at 1081345 (+1)
  Inode table at 1081346-1081857 (+2)
  32254 free blocks, 8192 free inodes, 0 directories
  Free blocks: 1081858-1114111
  Free inodes: 270337-278528
Group 34: (Blocks 1114112-1146879)
  Block bitmap at 1114112 (+0)
  Inode bitmap at 1114113 (+1)
  Inode table at 1114114-1114625 (+2)
  32254 free blocks, 8192 free inodes, 0 directories
  Free blocks: 1114626-1146879
  Free inodes: 278529-286720
Group 35: (Blocks 1146880-1179647)
  Block bitmap at 1146880 (+0)
  Inode bitmap at 1146881 (+1)
  Inode table at 1146882-1147393 (+2)
  32254 free blocks, 8192 free inodes, 0 directories
  Free blocks: 1147394-1179647
  Free inodes: 286721-294912
Group 36: (Blocks 1179648-1212415)
  Block bitmap at 1179648 (+0)
  Inode bitmap at 1179649 (+1)
  Inode table at 1179650-1180161 (+2)
  32254 free blocks, 8192 free inodes, 0 directories
  Free blocks: 1180162-1212415
  Free inodes: 294913-303104
Group 37: (Blocks 1212416-1245183)
  Block bitmap at 1212416 (+0)
  Inode bitmap at 1212417 (+1)
  Inode table at 1212418-1212929 (+2)
  32254 free blocks, 8192 free inodes, 0 directories
  Free blocks: 1212930-1245183
  Free inodes: 303105-311296
Group 38: (Blocks 1245184-1277951)
  Block bitmap at 1245184 (+0)
  Inode bitmap at 1245185 (+1)
  Inode table at 1245186-1245697 (+2)
  32254 free blocks, 8192 free inodes, 0 directories
  Free blocks: 1245698-1277951
  Free inodes: 311297-319488
Group 39: (Blocks 1277952-1310463)
  Block bitmap at 1277952 (+0)
  Inode bitmap at 1277953 (+1)
  Inode table at 1277954-1278465 (+2)
  31998 free blocks, 8192 free inodes, 0 directories
  Free blocks: 1278466-1310463
  Free inodes: 319489-327680
